
> countdown-app@0.1.0 build
> react-scripts build

node.exe : (node:14808) 
[DEP0176] 
DeprecationWarning: 
fs.F_OK is deprecated, 
use fs.constants.F_OK 
instead
At line:1 char:1
+ & "C:\Program 
Files\nodejs/node.exe" 
"C:\Program 
Files\nodejs/node_mo ...
+ ~~~~~~~~~~~~~~~~~~~~~~~~
~~~~~~~~~~~~~~~~~~~~~~~~~~
~~~~~~~~~~~~~~~~~~~
    + CategoryInfo        
      : NotSpe    cified: 
((node:1    4808) 
[D...ts.F_    OK 
instead:Strin    g) [], 
RemoteExc    eption
    + FullyQualified    
ErrorId : Native    
CommandError
 
(Use `node 
--trace-deprecation ...` 
to show where the warning 
was created)
Creating an optimized production build...
Browserslist: browsers 
data (caniuse-lite) is 8 
months old. Please run:
  npx update-browserslist-
db@latest
  Why you should do it 
regularly: https://github.
com/browserslist/update-db
#readme
Browserslist: browsers 
data (caniuse-lite) is 8 
months old. Please run:
  npx update-browserslist-
db@latest
  Why you should do it 
regularly: https://github.
com/browserslist/update-db
#readme

Treating warnings as errors because process.env.CI = true.
Most CI servers set it automatically.

Failed to compile.

[eslint] 
src\components\ApprovalPanel.js
  Line 15:3:  'orderBy' is defined but never used  no-unused-vars

src\components\Contact.js
  Line 160:13:  The href attribute requires a valid value to be accessible. Provide a valid, navigable address as the href value. If you cannot provide a valid href, but still need the element to resemble a link, use a button and change it with appropriate styles. Learn more: https://github.com/jsx-eslint/eslint-plugin-jsx-a11y/blob/HEAD/docs/rules/anchor-is-valid.md  jsx-a11y/anchor-is-valid

src\components\UserDashboard.js
  Line 3:61:   'orderBy' is defined but never used                    no-unused-vars
  Line 24:10:  'selectedEvent' is assigned a value but never used     no-unused-vars
  Line 24:25:  'setSelectedEvent' is assigned a value but never used  no-unused-vars
  Line 43:29:  'fetchReplies' was used before it was defined          no-use-before-define

src\components\WorkerDashboard.js
  Line 14:3:   'orderBy' is defined but never used                     no-unused-vars
  Line 263:9:  'handleCloseViewer' is assigned a value but never used  no-unused-vars

src\components\signup.js
  Line 211:9:  'getCurrentCountry' is assigned a value but never used  no-unused-vars


